[1 of 1] Compiling T17752           ( T17752.hs, T17752.o )

