[(7,"")]
[(73,"")]
[(111,"")]
[(273,"")]
[]
[]
[]
[]
[(11,"784372843778438743")]
[(212,"8784372843778438743")]
[(3248784372843778438743,"")]
[(60788519836879239998834499,"")]
