["1","2","3","4","5","6","7","10","11","12","13","14","15","16","17","20","21","22","23","24","25","26","27","30","31","32","33","34","35","36","37","40"]
["1","2","3","4","5","6","7","8","9","10","11","12","13","14","15","16","17","18","19","20","21","22","23","24","25","26","27","28","29","30","31","32"]
["1","2","3","4","5","6","7","8","9","a","b","c","d","e","f","10","11","12","13","14","15","16","17","18","19","1a","1b","1c","1d","1e","1f","20"]
["1","10","11","100","101","110","111","1000","1001","1010","1011","1100","1101","1110","1111","10000","10001","10010","10011","10100","10101","10110","10111","11000","11001","11010","11011","11100","11101","11110","11111","100000"]
1630451360
241324784
e6252f0
1110011000100101001011110000
