UTF8 error:Left decodingerror001.in1: hGetChar: invalid argument (cannot decode byte sequence starting from 128)
UTF8 error:Left decodingerror001.in1: hGetChar: invalid argument (cannot decode byte sequence starting from 128)
UTF8 error:Left decodingerror001.in1: hGetChar: invalid argument (cannot decode byte sequence starting from 128)
UTF8 error:Left decodingerror001.in1: hGetChar: invalid argument (cannot decode byte sequence starting from 128)
UTF8 error:Left decodingerror001.in1: hGetChar: invalid argument (cannot decode byte sequence starting from 128)
UTF8 incomplete sequence at end:Left decodingerror001.in2: hGetChar: invalid argument (cannot decode byte sequence starting from 240)
UTF8 incomplete sequence at end:Left decodingerror001.in2: hGetChar: invalid argument (cannot decode byte sequence starting from 240)
UTF8 incomplete sequence at end:Left decodingerror001.in2: hGetChar: invalid argument (cannot decode byte sequence starting from 240)
UTF8 incomplete sequence at end:Left decodingerror001.in2: hGetChar: invalid argument (cannot decode byte sequence starting from 240)
UTF8 incomplete sequence at end:Left decodingerror001.in2: hGetChar: invalid argument (cannot decode byte sequence starting from 240)
