test 1
Caught <stdout>: hPutChar: invalid argument (cannot encode character '\283') while trying to write "\283\n"
test 2
HCaught <stdout>: hPutChar: invalid argument (cannot encode character '\941') while trying to write "H\941llo\n"
test 3
Hello Caught <stdout>: hPutChar: invalid argument (cannot encode character '\945') while trying to write "Hello \945\946\947\n"
test 1
Caught <stdout>: commitBuffer: invalid argument (cannot encode character '\283') while trying to write "\283\n"
test 2
HCaught <stdout>: commitBuffer: invalid argument (cannot encode character '\941') while trying to write "H\941llo\n"
test 3
Hello Caught <stdout>: commitBuffer: invalid argument (cannot encode character '\945') while trying to write "Hello \945\946\947\n"
test 1
Caught <stdout>: commitBuffer: invalid argument (cannot encode character '\283') while trying to write "\283\n"
test 2
HCaught <stdout>: commitBuffer: invalid argument (cannot encode character '\941') while trying to write "H\941llo\n"
test 3
Hello Caught <stdout>: commitBuffer: invalid argument (cannot encode character '\945') while trying to write "Hello \945\946\947\n"
test 1
Caught <stdout>: commitBuffer: invalid argument (cannot encode character '\283') while trying to write "\283\n"
test 2
HCaught <stdout>: commitBuffer: invalid argument (cannot encode character '\941') while trying to write "H\941llo\n"
test 3
Hello Caught <stdout>: commitBuffer: invalid argument (cannot encode character '\945') while trying to write "Hello \945\946\947\n"
test 1
Caught <stdout>: commitBuffer: invalid argument (cannot encode character '\283') while trying to write "\283\n"
test 2
HCaught <stdout>: commitBuffer: invalid argument (cannot encode character '\941') while trying to write "H\941llo\n"
test 3
Hello Caught <stdout>: commitBuffer: invalid argument (cannot encode character '\945') while trying to write "Hello \945\946\947\n"
test 1
Caught <stdout>: commitBuffer: invalid argument (cannot encode character '\283') while trying to write "\283\n"
test 2
HCaught <stdout>: commitBuffer: invalid argument (cannot encode character '\941') while trying to write "H\941llo\n"
test 3
Hello Caught <stdout>: commitBuffer: invalid argument (cannot encode character '\945') while trying to write "Hello \945\946\947\n"
