Usage: hpc sum [OPTION] .. <TIX_FILE> [<TIX_FILE> [<TIX_FILE> ..]]
Sum multiple .tix files in a single .tix file


Options:

    --exclude=[PACKAGE:][MODULE]  exclude MODULE and/or PACKAGE
    --include=[PACKAGE:][MODULE]  include MODULE and/or PACKAGE
    --output=FILE                 output FILE
    --union                       use the union of the module namespace (default is intersection)
    --verbosity=[0-2]             verbosity level, 0-2
                                  default 1

