50
100
0
50.0
100.0
0.0
NaN
5.0
100.0
105.0
5.0
3.0
