Solo 3
Solo (Just "")
Just (Solo "")
Solo 3
Just (Solo 5)
