True
True
Test is running in the expected residency limit
