executable y
    import:           warnings
    main-is:          Main.hs
    -- other-modules:
    -- other-extensions:
    build-depends:    base
    hs-source-dirs:   exe
    default-language: Haskell2010
