test-suite y-test
    import:           warnings
    default-language: Haskell2010
    -- other-modules:
    -- other-extensions:
    type:             exitcode-stdio-1.0
    hs-source-dirs:   test
    main-is:          Main.hs
    build-depends:    base
